env LATEX=latex LATEX_FLAGS= BIBTEX=bibtex BIBTEX_FLAGS= MAKEIDX=makeindex MAKEIDX_FLAGS= MAKEGLS=makeindex MAKEGLS_FLAGS= POST_BIBTEX_HOOK=  latex-mk  --pdflatex --bibtex test.tex
touch test.bib-stamp
env PDFLATEX=pdflatex PDFLATEX_FLAGS= BIBTEX=bibtex BIBTEX_FLAGS= MAKEIDX=makeindex MAKEIDX_FLAGS= MAKEGLS=makeindex MAKEGLS_FLAGS= POST_BIBTEX_HOOK=  latex-mk --pdflatex  test.tex
