env LATEX=latex LATEX_FLAGS= BIBTEX=bibtex BIBTEX_FLAGS= MAKEIDX=makeindex MAKEIDX_FLAGS= MAKEGLS=makeindex MAKEGLS_FLAGS= POST_BIBTEX_HOOK=  latex-mk  test1.tex
env  dvipdfm dvipdfm1_flags my_dvipdfm_flags test1.dvi
env LATEX=latex LATEX_FLAGS= BIBTEX=bibtex BIBTEX_FLAGS= MAKEIDX=makeindex MAKEIDX_FLAGS= MAKEGLS=makeindex MAKEGLS_FLAGS= POST_BIBTEX_HOOK=  latex-mk  test2.tex
env  dvipdfm dvipdfm2_flags my_dvipdfm_flags test2.dvi
