env LATEX=latex LATEX_FLAGS= BIBTEX=bibtex BIBTEX_FLAGS= MAKEIDX=makeindex MAKEIDX_FLAGS= MAKEGLS=makeindex MAKEGLS_FLAGS= POST_BIBTEX_HOOK=  latex-mk  test1.tex
env  dvips dvips1_flags  -j0 -o test1.ps test1.dvi
env LATEX=latex LATEX_FLAGS= BIBTEX=bibtex BIBTEX_FLAGS= MAKEIDX=makeindex MAKEIDX_FLAGS= MAKEGLS=makeindex MAKEGLS_FLAGS= POST_BIBTEX_HOOK=  latex-mk  test2.tex
env  dvips dvips2_flags  -j0 -o test2.ps test2.dvi
