===> dir1
gmake[1]: Entering directory `testsuite/run/dir1'
gmake[1]: Leaving directory `testsuite/run/dir1'
===> dir2
gmake[1]: Entering directory `testsuite/run/dir2'
default target
gmake[1]: Leaving directory `testsuite/run/dir2'
===> dir3
gmake[1]: Entering directory `testsuite/run/dir3'
gmake[1]: Leaving directory `testsuite/run/dir3'
