latex-mk invoked with flags = 
BIBTEX         [bibtex]
BIBTEX_FLAGS   []
LATEX          [latex]
LATEX_FLAGS    []
MAKEIDX        [makeindex]
MAKEIDX_FLAGS  []
PDFLATEX       [pdflatex]
PDFLATEX_FLAGS []
TEX2PAGE       [mytex2page]
TEX2PAGE_FLAGS [mytex2page_flags]
LATEX_MK_LOG   [./latex-mk.log]
ODIR           [.]

TEXMFOUTPUT    []
TEXINPUTS      []
BIBINPUTS      []
